// Jest Snapshot v1, https://goo.gl/fbAQLP

exports[`PackageDetails renders page without changes 1`] = `
<div>
  <h1>
    libws-commons-util-java
  </h1>
  <h3>
    Common utilities from the Apache Web Services Project
  </h3>
  <p>
    This is a small collection of utility classes, that allow high
performance XML processing based on SAX.
  </p>
</div>
`;
